D:/NextyLab/Library/CMSIS/Core/Include/core_cm4.h:1794:22:__NVIC_EnableIRQ	16	static,ignoring_inline_asm
../Src/main.c:71:10:read_adc_gear	4	static
../Src/main.c:79:10:read_adc_temp	4	static
../Src/main.c:87:10:read_adc_light	4	static
../Src/main.c:98:9:adc_to_gear	16	static
../Src/main.c:118:6:read_all_buttons	16	static
../Src/main.c:165:6:check_engine_stall	4	static
../Src/main.c:233:6:calculate_speed	16	static
../Src/main.c:307:6:update_7segment	16	static
../Src/main.c:351:6:update_engine_led	4	static
../Src/main.c:362:6:update_wiper_led	16	static
../Src/main.c:398:6:update_headlight_led	4	static
../Src/main.c:410:6:update_ac_led	24	static
../Src/main.c:432:6:uart_send_string	16	static
../Src/main.c:443:6:uart_send_speed	48	static
../Src/main.c:485:6:process_uart_command	16	static
../Src/main.c:513:6:TIM2_IRQHandler	8	static
../Src/main.c:548:6:USART2_IRQHandler	4	static
../Src/main.c:558:5:main	8	static,ignoring_inline_asm
