D:/NextyLab/Library/CMSIS/Core/Include/core_cm4.h:1794:22:__NVIC_EnableIRQ	16	static,ignoring_inline_asm
../Src/main.c:76:10:read_adc_temp	4	static
../Src/main.c:84:10:read_adc_light	4	static
../Src/main.c:92:10:read_joystick_y	4	static
../Src/main.c:100:6:process_joystick	16	static
../Src/main.c:135:6:read_all_buttons	16	static
../Src/main.c:182:6:check_engine_stall	4	static
../Src/main.c:252:6:calculate_speed	16	static
../Src/main.c:326:6:update_7segment	16	static
../Src/main.c:370:6:update_engine_led	4	static
../Src/main.c:381:6:update_wiper_led	16	static
../Src/main.c:417:6:update_headlight_led	4	static
../Src/main.c:429:6:update_ac_led	24	static
../Src/main.c:451:6:uart_send_string	16	static
../Src/main.c:462:6:uart_send_speed	48	static
../Src/main.c:504:6:process_uart_command	16	static
../Src/main.c:532:6:TIM2_IRQHandler	8	static
../Src/main.c:567:6:USART2_IRQHandler	4	static
../Src/main.c:577:5:main	8	static,ignoring_inline_asm
