D:/NextyLab/Library/CMSIS/Core/Include/core_cm4.h:1794:22:__NVIC_EnableIRQ	16	static,ignoring_inline_asm
../Src/main.c:89:10:read_adc_temp	4	static
../Src/main.c:97:10:read_adc_light	4	static
../Src/main.c:105:10:read_joystick_y	4	static
../Src/main.c:112:6:TIM3_IRQHandler	4	static
../Src/main.c:128:6:update_engine_sound	24	static
../Src/main.c:192:6:process_joystick	16	static
../Src/main.c:227:6:read_all_buttons	16	static
../Src/main.c:274:6:check_engine_stall	4	static
../Src/main.c:344:6:calculate_speed	16	static
../Src/main.c:418:6:update_7segment	16	static
../Src/main.c:462:6:update_engine_led	4	static
../Src/main.c:473:6:update_wiper_led	16	static
../Src/main.c:509:6:update_headlight_led	4	static
../Src/main.c:521:6:update_ac_led	24	static
../Src/main.c:543:6:uart_send_string	16	static
../Src/main.c:554:6:uart_send_speed	48	static
../Src/main.c:596:6:process_uart_command	16	static
../Src/main.c:624:6:TIM2_IRQHandler	8	static
../Src/main.c:660:6:USART2_IRQHandler	4	static
../Src/main.c:670:5:main	8	static,ignoring_inline_asm
