15:29:21 **** Clean-only build of configuration Debug for project Project4_663040111-9_Jakgrit ****
make -j12 clean 
rm -rf ./Startup/startup_stm32f411retx.d ./Startup/startup_stm32f411retx.o
rm -rf ./Src/main.cyclo ./Src/main.d ./Src/main.o ./Src/main.su ./Src/syscalls.cyclo ./Src/syscalls.d ./Src/syscalls.o ./Src/syscalls.su ./Src/sysmem.cyclo ./Src/sysmem.d ./Src/sysmem.o ./Src/sysmem.su
rm -rf Project2_663040111-9_Jakgrit.elf Project2_663040111-9_Jakgrit.list Project2_663040111-9_Jakgrit.map default.size.stdout
 
15:39:25 **** Build of configuration Debug for project Project4_663040111-9_Jakgrit ****
make -j12 all 
arm-none-eabi-gcc -mcpu=cortex-m4 -g3 -DDEBUG -c -x assembler-with-cpp -MMD -MP -MF"Startup/startup_stm32f411retx.d" -MT"Startup/startup_stm32f411retx.o" --specs=nano.specs -mfpu=fpv4-sp-d16 -mfloat-abi=hard -mthumb -o "Startup/startup_stm32f411retx.o" "../Startup/startup_stm32f411retx.s"
arm-none-eabi-gcc "../Src/main.c" -mcpu=cortex-m4 -std=gnu11 -g3 -DDEBUG -DNUCLEO_F411RE -DSTM32 -DSTM32F4 -DSTM32F411RETx -c -I../Inc -I"D:/NextyLab/Library/CMSIS/Core/Include" -I"D:/NextyLab/Library/CMSIS-DEVICE-F4/Include" -O0 -ffunction-sections -fdata-sections -Wall -fstack-usage -fcyclomatic-complexity -MMD -MP -MF"Src/main.d" -MT"Src/main.o" --specs=nano.specs -mfpu=fpv4-sp-d16 -mfloat-abi=hard -mthumb -o "Src/main.o"
arm-none-eabi-gcc "../Src/syscalls.c" -mcpu=cortex-m4 -std=gnu11 -g3 -DDEBUG -DNUCLEO_F411RE -DSTM32 -DSTM32F4 -DSTM32F411RETx -c -I../Inc -I"D:/NextyLab/Library/CMSIS/Core/Include" -I"D:/NextyLab/Library/CMSIS-DEVICE-F4/Include" -O0 -ffunction-sections -fdata-sections -Wall -fstack-usage -fcyclomatic-complexity -MMD -MP -MF"Src/syscalls.d" -MT"Src/syscalls.o" --specs=nano.specs -mfpu=fpv4-sp-d16 -mfloat-abi=hard -mthumb -o "Src/syscalls.o"
arm-none-eabi-gcc "../Src/sysmem.c" -mcpu=cortex-m4 -std=gnu11 -g3 -DDEBUG -DNUCLEO_F411RE -DSTM32 -DSTM32F4 -DSTM32F411RETx -c -I../Inc -I"D:/NextyLab/Library/CMSIS/Core/Include" -I"D:/NextyLab/Library/CMSIS-DEVICE-F4/Include" -O0 -ffunction-sections -fdata-sections -Wall -fstack-usage -fcyclomatic-complexity -MMD -MP -MF"Src/sysmem.d" -MT"Src/sysmem.o" --specs=nano.specs -mfpu=fpv4-sp-d16 -mfloat-abi=hard -mthumb -o "Src/sysmem.o"
arm-none-eabi-gcc -o "Project4_663040111-9_Jakgrit.elf" @"objects.list"   -mcpu=cortex-m4 -T"D:\NextyLab\Project4_663040111-9_Jakgrit\STM32F411RETX_FLASH.ld" --specs=nosys.specs -Wl,-Map="Project4_663040111-9_Jakgrit.map" -Wl,--gc-sections -static --specs=nano.specs -mfpu=fpv4-sp-d16 -mfloat-abi=hard -mthumb -Wl,--start-group -lc -lm -Wl,--end-group
Finished building target: Project4_663040111-9_Jakgrit.elf
 
arm-none-eabi-size  Project4_663040111-9_Jakgrit.elf 
arm-none-eabi-objdump -h -S Project4_663040111-9_Jakgrit.elf  > "Project4_663040111-9_Jakgrit.list"
   text	   data	    bss	    dec	    hex	filename
    912	      0	   1568	   2480	    9b0	Project4_663040111-9_Jakgrit.elf
Finished building: default.size.stdout
 
Finished building: Project4_663040111-9_Jakgrit.list
 
15:39:39 **** Incremental Build of configuration Debug for project Project4_663040111-9_Jakgrit ****
make -j12 all 
arm-none-eabi-size  Project4_663040111-9_Jakgrit.elf 
   text	   data	    bss	    dec	    hex	filename
    912	      0	   1568	   2480	    9b0	Project4_663040111-9_Jakgrit.elf
Finished building: default.size.stdout
 
15:42:29 **** Incremental Build of configuration Debug for project Project4_663040111-9_Jakgrit ****
make -j12 all 
arm-none-eabi-size  Project4_663040111-9_Jakgrit.elf 
   text	   data	    bss	    dec	    hex	filename
    912	      0	   1568	   2480	    9b0	Project4_663040111-9_Jakgrit.elf
Finished building: default.size.stdout
 
15:43:46 **** Incremental Build of configuration Debug for project Project4_663040111-9_Jakgrit ****
make -j12 all 
arm-none-eabi-gcc "../Src/main.c" -mcpu=cortex-m4 -std=gnu11 -g3 -DDEBUG -DNUCLEO_F411RE -DSTM32 -DSTM32F4 -DSTM32F411RETx -c -I../Inc -I"D:/NextyLab/Library/CMSIS/Core/Include" -I"D:/NextyLab/Library/CMSIS-DEVICE-F4/Include" -O0 -ffunction-sections -fdata-sections -Wall -fstack-usage -fcyclomatic-complexity -MMD -MP -MF"Src/main.d" -MT"Src/main.o" --specs=nano.specs -mfpu=fpv4-sp-d16 -mfloat-abi=hard -mthumb -o "Src/main.o"
arm-none-eabi-gcc -o "Project4_663040111-9_Jakgrit.elf" @"objects.list"   -mcpu=cortex-m4 -T"D:\NextyLab\Project4_663040111-9_Jakgrit\STM32F411RETX_FLASH.ld" --specs=nosys.specs -Wl,-Map="Project4_663040111-9_Jakgrit.map" -Wl,--gc-sections -static --specs=nano.specs -mfpu=fpv4-sp-d16 -mfloat-abi=hard -mthumb -Wl,--start-group -lc -lm -Wl,--end-group
Finished building target: Project4_663040111-9_Jakgrit.elf
 
arm-none-eabi-size  Project4_663040111-9_Jakgrit.elf 
arm-none-eabi-objdump -h -S Project4_663040111-9_Jakgrit.elf  > "Project4_663040111-9_Jakgrit.list"
   text	   data	    bss	    dec	    hex	filename
    912	      0	   1568	   2480	    9b0	Project4_663040111-9_Jakgrit.elf
Finished building: default.size.stdout
 
Finished building: Project4_663040111-9_Jakgrit.list
 
16:02:05 **** Build of configuration Debug for project Project3_663040111-9_Jakgrit ****
make -j12 all 
arm-none-eabi-gcc "../Src/main.c" -mcpu=cortex-m4 -std=gnu11 -g3 -DDEBUG -DNUCLEO_F411RE -DSTM32 -DSTM32F4 -DSTM32F411RETx -c -I../Inc -I"D:/NextyLab/Library/CMSIS/Core/Include" -I"D:/NextyLab/Library/CMSIS-DEVICE-F4/Include" -O0 -ffunction-sections -fdata-sections -Wall -fstack-usage -fcyclomatic-complexity -MMD -MP -MF"Src/main.d" -MT"Src/main.o" --specs=nano.specs -mfpu=fpv4-sp-d16 -mfloat-abi=hard -mthumb -o "Src/main.o"
arm-none-eabi-gcc -o "Project3_663040111-9_Jakgrit.elf" @"objects.list"   -mcpu=cortex-m4 -T"D:\NextyLab\Project3_663040111-9_Jakgrit\STM32F411RETX_FLASH.ld" --specs=nosys.specs -Wl,-Map="Project3_663040111-9_Jakgrit.map" -Wl,--gc-sections -static --specs=nano.specs -mfpu=fpv4-sp-d16 -mfloat-abi=hard -mthumb -Wl,--start-group -lc -lm -Wl,--end-group
Finished building target: Project3_663040111-9_Jakgrit.elf
 
arm-none-eabi-size  Project3_663040111-9_Jakgrit.elf 
arm-none-eabi-objdump -h -S Project3_663040111-9_Jakgrit.elf  > "Project3_663040111-9_Jakgrit.list"
   text	   data	    bss	    dec	    hex	filename
   4260	     80	   2008	   6348	   18cc	Project3_663040111-9_Jakgrit.elf
Finished building: default.size.stdout
 
Finished building: Project3_663040111-9_Jakgrit.list
 
16:02:22 **** Incremental Build of configuration Debug for project Project3_663040111-9_Jakgrit ****
make -j12 all 
arm-none-eabi-gcc "../Src/main.c" -mcpu=cortex-m4 -std=gnu11 -g3 -DDEBUG -DNUCLEO_F411RE -DSTM32 -DSTM32F4 -DSTM32F411RETx -c -I../Inc -I"D:/NextyLab/Library/CMSIS/Core/Include" -I"D:/NextyLab/Library/CMSIS-DEVICE-F4/Include" -O0 -ffunction-sections -fdata-sections -Wall -fstack-usage -fcyclomatic-complexity -MMD -MP -MF"Src/main.d" -MT"Src/main.o" --specs=nano.specs -mfpu=fpv4-sp-d16 -mfloat-abi=hard -mthumb -o "Src/main.o"
arm-none-eabi-gcc -o "Project3_663040111-9_Jakgrit.elf" @"objects.list"   -mcpu=cortex-m4 -T"D:\NextyLab\Project3_663040111-9_Jakgrit\STM32F411RETX_FLASH.ld" --specs=nosys.specs -Wl,-Map="Project3_663040111-9_Jakgrit.map" -Wl,--gc-sections -static --specs=nano.specs -mfpu=fpv4-sp-d16 -mfloat-abi=hard -mthumb -Wl,--start-group -lc -lm -Wl,--end-group
Finished building target: Project3_663040111-9_Jakgrit.elf
 
arm-none-eabi-size  Project3_663040111-9_Jakgrit.elf 
arm-none-eabi-objdump -h -S Project3_663040111-9_Jakgrit.elf  > "Project3_663040111-9_Jakgrit.list"
   text	   data	    bss	    dec	    hex	filename
   4260	     80	   2008	   6348	   18cc	Project3_663040111-9_Jakgrit.elf
Finished building: default.size.stdout
 
Finished building: Project3_663040111-9_Jakgrit.list
 
16:08:33 **** Incremental Build of configuration Debug for project Project3_663040111-9_Jakgrit ****
make -j12 all 
arm-none-eabi-gcc "../Src/main.c" -mcpu=cortex-m4 -std=gnu11 -g3 -DDEBUG -DNUCLEO_F411RE -DSTM32 -DSTM32F4 -DSTM32F411RETx -c -I../Inc -I"D:/NextyLab/Library/CMSIS/Core/Include" -I"D:/NextyLab/Library/CMSIS-DEVICE-F4/Include" -O0 -ffunction-sections -fdata-sections -Wall -fstack-usage -fcyclomatic-complexity -MMD -MP -MF"Src/main.d" -MT"Src/main.o" --specs=nano.specs -mfpu=fpv4-sp-d16 -mfloat-abi=hard -mthumb -o "Src/main.o"
arm-none-eabi-gcc -o "Project3_663040111-9_Jakgrit.elf" @"objects.list"   -mcpu=cortex-m4 -T"D:\NextyLab\Project3_663040111-9_Jakgrit\STM32F411RETX_FLASH.ld" --specs=nosys.specs -Wl,-Map="Project3_663040111-9_Jakgrit.map" -Wl,--gc-sections -static --specs=nano.specs -mfpu=fpv4-sp-d16 -mfloat-abi=hard -mthumb -Wl,--start-group -lc -lm -Wl,--end-group
Finished building target: Project3_663040111-9_Jakgrit.elf
 
arm-none-eabi-size  Project3_663040111-9_Jakgrit.elf 
arm-none-eabi-objdump -h -S Project3_663040111-9_Jakgrit.elf  > "Project3_663040111-9_Jakgrit.list"
   text	   data	    bss	    dec	    hex	filename
  12276	     96	   2008	  14380	   382c	Project3_663040111-9_Jakgrit.elf
Finished building: default.size.stdout
 
Finished building: Project3_663040111-9_Jakgrit.list
 
16:08:47 **** Incremental Build of configuration Debug for project Project3_663040111-9_Jakgrit ****
make -j12 all 
arm-none-eabi-gcc "../Src/main.c" -mcpu=cortex-m4 -std=gnu11 -g3 -DDEBUG -DNUCLEO_F411RE -DSTM32 -DSTM32F4 -DSTM32F411RETx -c -I../Inc -I"D:/NextyLab/Library/CMSIS/Core/Include" -I"D:/NextyLab/Library/CMSIS-DEVICE-F4/Include" -O0 -ffunction-sections -fdata-sections -Wall -fstack-usage -fcyclomatic-complexity -MMD -MP -MF"Src/main.d" -MT"Src/main.o" --specs=nano.specs -mfpu=fpv4-sp-d16 -mfloat-abi=hard -mthumb -o "Src/main.o"
arm-none-eabi-gcc -o "Project3_663040111-9_Jakgrit.elf" @"objects.list"   -mcpu=cortex-m4 -T"D:\NextyLab\Project3_663040111-9_Jakgrit\STM32F411RETX_FLASH.ld" --specs=nosys.specs -Wl,-Map="Project3_663040111-9_Jakgrit.map" -Wl,--gc-sections -static --specs=nano.specs -mfpu=fpv4-sp-d16 -mfloat-abi=hard -mthumb -Wl,--start-group -lc -lm -Wl,--end-group
Finished building target: Project3_663040111-9_Jakgrit.elf
 
arm-none-eabi-size  Project3_663040111-9_Jakgrit.elf 
arm-none-eabi-objdump -h -S Project3_663040111-9_Jakgrit.elf  > "Project3_663040111-9_Jakgrit.list"
   text	   data	    bss	    dec	    hex	filename
  12276	     96	   2008	  14380	   382c	Project3_663040111-9_Jakgrit.elf
Finished building: default.size.stdout
 
Finished building: Project3_663040111-9_Jakgrit.list
 
16:08:50 **** Incremental Build of configuration Debug for project Project3_663040111-9_Jakgrit ****
make -j12 all 
arm-none-eabi-gcc -o "Project3_663040111-9_Jakgrit.elf" @"objects.list"   -mcpu=cortex-m4 -T"D:\NextyLab\Project3_663040111-9_Jakgrit\STM32F411RETX_FLASH.ld" --specs=nosys.specs -Wl,-Map="Project3_663040111-9_Jakgrit.map" -Wl,--gc-sections -static --specs=nano.specs -mfpu=fpv4-sp-d16 -mfloat-abi=hard -mthumb -Wl,--start-group -lc -lm -Wl,--end-group
Finished building target: Project3_663040111-9_Jakgrit.elf
 
arm-none-eabi-size  Project3_663040111-9_Jakgrit.elf 
arm-none-eabi-objdump -h -S Project3_663040111-9_Jakgrit.elf  > "Project3_663040111-9_Jakgrit.list"
   text	   data	    bss	    dec	    hex	filename
  12276	     96	   2008	  14380	   382c	Project3_663040111-9_Jakgrit.elf
Finished building: default.size.stdout
 
Finished building: Project3_663040111-9_Jakgrit.list
 
16:18:18 **** Incremental Build of configuration Debug for project Project3_663040111-9_Jakgrit ****
make -j12 all 
arm-none-eabi-gcc "../Src/main.c" -mcpu=cortex-m4 -std=gnu11 -g3 -DDEBUG -DNUCLEO_F411RE -DSTM32 -DSTM32F4 -DSTM32F411RETx -c -I../Inc -I"D:/NextyLab/Library/CMSIS/Core/Include" -I"D:/NextyLab/Library/CMSIS-DEVICE-F4/Include" -O0 -ffunction-sections -fdata-sections -Wall -fstack-usage -fcyclomatic-complexity -MMD -MP -MF"Src/main.d" -MT"Src/main.o" --specs=nano.specs -mfpu=fpv4-sp-d16 -mfloat-abi=hard -mthumb -o "Src/main.o"
arm-none-eabi-gcc -o "Project3_663040111-9_Jakgrit.elf" @"objects.list"   -mcpu=cortex-m4 -T"D:\NextyLab\Project3_663040111-9_Jakgrit\STM32F411RETX_FLASH.ld" --specs=nosys.specs -Wl,-Map="Project3_663040111-9_Jakgrit.map" -Wl,--gc-sections -static --specs=nano.specs -mfpu=fpv4-sp-d16 -mfloat-abi=hard -mthumb -Wl,--start-group -lc -lm -Wl,--end-group
Finished building target: Project3_663040111-9_Jakgrit.elf
 
arm-none-eabi-size  Project3_663040111-9_Jakgrit.elf 
arm-none-eabi-objdump -h -S Project3_663040111-9_Jakgrit.elf  > "Project3_663040111-9_Jakgrit.list"
   text	   data	    bss	    dec	    hex	filename
  12308	     96	   2008	  14412	   384c	Project3_663040111-9_Jakgrit.elf
Finished building: default.size.stdout
 
Finished building: Project3_663040111-9_Jakgrit.list
 
16:18:22 **** Incremental Build of configuration Debug for project Project3_663040111-9_Jakgrit ****
make -j12 all 
arm-none-eabi-gcc -o "Project3_663040111-9_Jakgrit.elf" @"objects.list"   -mcpu=cortex-m4 -T"D:\NextyLab\Project3_663040111-9_Jakgrit\STM32F411RETX_FLASH.ld" --specs=nosys.specs -Wl,-Map="Project3_663040111-9_Jakgrit.map" -Wl,--gc-sections -static --specs=nano.specs -mfpu=fpv4-sp-d16 -mfloat-abi=hard -mthumb -Wl,--start-group -lc -lm -Wl,--end-group
Finished building target: Project3_663040111-9_Jakgrit.elf
 
arm-none-eabi-size  Project3_663040111-9_Jakgrit.elf 
arm-none-eabi-objdump -h -S Project3_663040111-9_Jakgrit.elf  > "Project3_663040111-9_Jakgrit.list"
   text	   data	    bss	    dec	    hex	filename
  12308	     96	   2008	  14412	   384c	Project3_663040111-9_Jakgrit.elf
Finished building: default.size.stdout
 
Finished building: Project3_663040111-9_Jakgrit.list
 
16:19:19 **** Incremental Build of configuration Debug for project Project3_663040111-9_Jakgrit ****
make -j12 all 
arm-none-eabi-size  Project3_663040111-9_Jakgrit.elf 
   text	   data	    bss	    dec	    hex	filename
  12308	     96	   2008	  14412	   384c	Project3_663040111-9_Jakgrit.elf
Finished building: default.size.stdout
 
16:19:23 **** Incremental Build of configuration Debug for project Project3_663040111-9_Jakgrit ****
make -j12 all 
arm-none-eabi-gcc "../Src/main.c" -mcpu=cortex-m4 -std=gnu11 -g3 -DDEBUG -DNUCLEO_F411RE -DSTM32 -DSTM32F4 -DSTM32F411RETx -c -I../Inc -I"D:/NextyLab/Library/CMSIS/Core/Include" -I"D:/NextyLab/Library/CMSIS-DEVICE-F4/Include" -O0 -ffunction-sections -fdata-sections -Wall -fstack-usage -fcyclomatic-complexity -MMD -MP -MF"Src/main.d" -MT"Src/main.o" --specs=nano.specs -mfpu=fpv4-sp-d16 -mfloat-abi=hard -mthumb -o "Src/main.o"
arm-none-eabi-gcc -o "Project3_663040111-9_Jakgrit.elf" @"objects.list"   -mcpu=cortex-m4 -T"D:\NextyLab\Project3_663040111-9_Jakgrit\STM32F411RETX_FLASH.ld" --specs=nosys.specs -Wl,-Map="Project3_663040111-9_Jakgrit.map" -Wl,--gc-sections -static --specs=nano.specs -mfpu=fpv4-sp-d16 -mfloat-abi=hard -mthumb -Wl,--start-group -lc -lm -Wl,--end-group
Finished building target: Project3_663040111-9_Jakgrit.elf
 
arm-none-eabi-size  Project3_663040111-9_Jakgrit.elf 
arm-none-eabi-objdump -h -S Project3_663040111-9_Jakgrit.elf  > "Project3_663040111-9_Jakgrit.list"
   text	   data	    bss	    dec	    hex	filename
  12308	     96	   2008	  14412	   384c	Project3_663040111-9_Jakgrit.elf
Finished building: default.size.stdout
 
Finished building: Project3_663040111-9_Jakgrit.list
 
16:19:36 **** Incremental Build of configuration Debug for project Project3_663040111-9_Jakgrit ****
make -j12 all 
arm-none-eabi-size  Project3_663040111-9_Jakgrit.elf 
   text	   data	    bss	    dec	    hex	filename
  12308	     96	   2008	  14412	   384c	Project3_663040111-9_Jakgrit.elf
Finished building: default.size.stdout
 
16:19:37 **** Incremental Build of configuration Debug for project Project3_663040111-9_Jakgrit ****
make -j12 all 
arm-none-eabi-size  Project3_663040111-9_Jakgrit.elf 
   text	   data	    bss	    dec	    hex	filename
  12308	     96	   2008	  14412	   384c	Project3_663040111-9_Jakgrit.elf
Finished building: default.size.stdout
 
16:25:06 **** Incremental Build of configuration Debug for project Project3_663040111-9_Jakgrit ****
make -j12 all 
arm-none-eabi-gcc "../Src/main.c" -mcpu=cortex-m4 -std=gnu11 -g3 -DDEBUG -DNUCLEO_F411RE -DSTM32 -DSTM32F4 -DSTM32F411RETx -c -I../Inc -I"D:/NextyLab/Library/CMSIS/Core/Include" -I"D:/NextyLab/Library/CMSIS-DEVICE-F4/Include" -O0 -ffunction-sections -fdata-sections -Wall -fstack-usage -fcyclomatic-complexity -MMD -MP -MF"Src/main.d" -MT"Src/main.o" --specs=nano.specs -mfpu=fpv4-sp-d16 -mfloat-abi=hard -mthumb -o "Src/main.o"
arm-none-eabi-gcc -o "Project3_663040111-9_Jakgrit.elf" @"objects.list"   -mcpu=cortex-m4 -T"D:\NextyLab\Project3_663040111-9_Jakgrit\STM32F411RETX_FLASH.ld" --specs=nosys.specs -Wl,-Map="Project3_663040111-9_Jakgrit.map" -Wl,--gc-sections -static --specs=nano.specs -mfpu=fpv4-sp-d16 -mfloat-abi=hard -mthumb -Wl,--start-group -lc -lm -Wl,--end-group
Finished building target: Project3_663040111-9_Jakgrit.elf
 
arm-none-eabi-size  Project3_663040111-9_Jakgrit.elf 
arm-none-eabi-objdump -h -S Project3_663040111-9_Jakgrit.elf  > "Project3_663040111-9_Jakgrit.list"
   text	   data	    bss	    dec	    hex	filename
   3612	     80	   1896	   5588	   15d4	Project3_663040111-9_Jakgrit.elf
Finished building: default.size.stdout
 
Finished building: Project3_663040111-9_Jakgrit.list
 
16:36:06 **** Incremental Build of configuration Debug for project Project3_663040111-9_Jakgrit ****
make -j12 all 
arm-none-eabi-gcc "../Src/main.c" -mcpu=cortex-m4 -std=gnu11 -g3 -DDEBUG -DNUCLEO_F411RE -DSTM32 -DSTM32F4 -DSTM32F411RETx -c -I../Inc -I"D:/NextyLab/Library/CMSIS/Core/Include" -I"D:/NextyLab/Library/CMSIS-DEVICE-F4/Include" -O0 -ffunction-sections -fdata-sections -Wall -fstack-usage -fcyclomatic-complexity -MMD -MP -MF"Src/main.d" -MT"Src/main.o" --specs=nano.specs -mfpu=fpv4-sp-d16 -mfloat-abi=hard -mthumb -o "Src/main.o"
arm-none-eabi-gcc -o "Project3_663040111-9_Jakgrit.elf" @"objects.list"   -mcpu=cortex-m4 -T"D:\NextyLab\Project3_663040111-9_Jakgrit\STM32F411RETX_FLASH.ld" --specs=nosys.specs -Wl,-Map="Project3_663040111-9_Jakgrit.map" -Wl,--gc-sections -static --specs=nano.specs -mfpu=fpv4-sp-d16 -mfloat-abi=hard -mthumb -Wl,--start-group -lc -lm -Wl,--end-group
Finished building target: Project3_663040111-9_Jakgrit.elf
 
arm-none-eabi-size  Project3_663040111-9_Jakgrit.elf 
arm-none-eabi-objdump -h -S Project3_663040111-9_Jakgrit.elf  > "Project3_663040111-9_Jakgrit.list"
   text	   data	    bss	    dec	    hex	filename
  12332	     96	   2008	  14436	   3864	Project3_663040111-9_Jakgrit.elf
Finished building: default.size.stdout
 
Finished building: Project3_663040111-9_Jakgrit.list
 
16:36:21 **** Incremental Build of configuration Debug for project Project3_663040111-9_Jakgrit ****
make -j12 all 
arm-none-eabi-gcc "../Src/main.c" -mcpu=cortex-m4 -std=gnu11 -g3 -DDEBUG -DNUCLEO_F411RE -DSTM32 -DSTM32F4 -DSTM32F411RETx -c -I../Inc -I"D:/NextyLab/Library/CMSIS/Core/Include" -I"D:/NextyLab/Library/CMSIS-DEVICE-F4/Include" -O0 -ffunction-sections -fdata-sections -Wall -fstack-usage -fcyclomatic-complexity -MMD -MP -MF"Src/main.d" -MT"Src/main.o" --specs=nano.specs -mfpu=fpv4-sp-d16 -mfloat-abi=hard -mthumb -o "Src/main.o"
arm-none-eabi-gcc -o "Project3_663040111-9_Jakgrit.elf" @"objects.list"   -mcpu=cortex-m4 -T"D:\NextyLab\Project3_663040111-9_Jakgrit\STM32F411RETX_FLASH.ld" --specs=nosys.specs -Wl,-Map="Project3_663040111-9_Jakgrit.map" -Wl,--gc-sections -static --specs=nano.specs -mfpu=fpv4-sp-d16 -mfloat-abi=hard -mthumb -Wl,--start-group -lc -lm -Wl,--end-group
Finished building target: Project3_663040111-9_Jakgrit.elf
 
arm-none-eabi-size  Project3_663040111-9_Jakgrit.elf 
arm-none-eabi-objdump -h -S Project3_663040111-9_Jakgrit.elf  > "Project3_663040111-9_Jakgrit.list"
   text	   data	    bss	    dec	    hex	filename
  12332	     96	   2008	  14436	   3864	Project3_663040111-9_Jakgrit.elf
Finished building: default.size.stdout
 
Finished building: Project3_663040111-9_Jakgrit.list
 
16:37:51 **** Incremental Build of configuration Debug for project Project3_663040111-9_Jakgrit ****
make -j12 all 
arm-none-eabi-gcc "../Src/main.c" -mcpu=cortex-m4 -std=gnu11 -g3 -DDEBUG -DNUCLEO_F411RE -DSTM32 -DSTM32F4 -DSTM32F411RETx -c -I../Inc -I"D:/NextyLab/Library/CMSIS/Core/Include" -I"D:/NextyLab/Library/CMSIS-DEVICE-F4/Include" -O0 -ffunction-sections -fdata-sections -Wall -fstack-usage -fcyclomatic-complexity -MMD -MP -MF"Src/main.d" -MT"Src/main.o" --specs=nano.specs -mfpu=fpv4-sp-d16 -mfloat-abi=hard -mthumb -o "Src/main.o"
arm-none-eabi-gcc -o "Project3_663040111-9_Jakgrit.elf" @"objects.list"   -mcpu=cortex-m4 -T"D:\NextyLab\Project3_663040111-9_Jakgrit\STM32F411RETX_FLASH.ld" --specs=nosys.specs -Wl,-Map="Project3_663040111-9_Jakgrit.map" -Wl,--gc-sections -static --specs=nano.specs -mfpu=fpv4-sp-d16 -mfloat-abi=hard -mthumb -Wl,--start-group -lc -lm -Wl,--end-group
Finished building target: Project3_663040111-9_Jakgrit.elf
 
arm-none-eabi-size  Project3_663040111-9_Jakgrit.elf 
arm-none-eabi-objdump -h -S Project3_663040111-9_Jakgrit.elf  > "Project3_663040111-9_Jakgrit.list"
   text	   data	    bss	    dec	    hex	filename
  12332	     96	   2008	  14436	   3864	Project3_663040111-9_Jakgrit.elf
Finished building: default.size.stdout
 
Finished building: Project3_663040111-9_Jakgrit.list
 
16:37:54 **** Incremental Build of configuration Debug for project Project3_663040111-9_Jakgrit ****
make -j12 all 
arm-none-eabi-gcc "../Src/main.c" -mcpu=cortex-m4 -std=gnu11 -g3 -DDEBUG -DNUCLEO_F411RE -DSTM32 -DSTM32F4 -DSTM32F411RETx -c -I../Inc -I"D:/NextyLab/Library/CMSIS/Core/Include" -I"D:/NextyLab/Library/CMSIS-DEVICE-F4/Include" -O0 -ffunction-sections -fdata-sections -Wall -fstack-usage -fcyclomatic-complexity -MMD -MP -MF"Src/main.d" -MT"Src/main.o" --specs=nano.specs -mfpu=fpv4-sp-d16 -mfloat-abi=hard -mthumb -o "Src/main.o"
arm-none-eabi-gcc -o "Project3_663040111-9_Jakgrit.elf" @"objects.list"   -mcpu=cortex-m4 -T"D:\NextyLab\Project3_663040111-9_Jakgrit\STM32F411RETX_FLASH.ld" --specs=nosys.specs -Wl,-Map="Project3_663040111-9_Jakgrit.map" -Wl,--gc-sections -static --specs=nano.specs -mfpu=fpv4-sp-d16 -mfloat-abi=hard -mthumb -Wl,--start-group -lc -lm -Wl,--end-group
Finished building target: Project3_663040111-9_Jakgrit.elf
 
arm-none-eabi-size  Project3_663040111-9_Jakgrit.elf 
arm-none-eabi-objdump -h -S Project3_663040111-9_Jakgrit.elf  > "Project3_663040111-9_Jakgrit.list"
   text	   data	    bss	    dec	    hex	filename
  12332	     96	   2008	  14436	   3864	Project3_663040111-9_Jakgrit.elf
Finished building: default.size.stdout
 
Finished building: Project3_663040111-9_Jakgrit.list
 
