14:08:21 **** Incremental Build of configuration Debug for project Training_Lab3.3 ****
make -j12 all 
arm-none-eabi-gcc "../Src/main.c" -mcpu=cortex-m4 -std=gnu11 -g3 -DDEBUG -DNUCLEO_F411RE -DSTM32 -DSTM32F4 -DSTM32F411RETx -c -I../Inc -I"D:/NextyLab/Library/CMSIS/Core/Include" -I"D:/NextyLab/Library/CMSIS-DEVICE-F4/Include" -O0 -ffunction-sections -fdata-sections -Wall -fstack-usage -fcyclomatic-complexity -MMD -MP -MF"Src/main.d" -MT"Src/main.o" --specs=nano.specs -mfpu=fpv4-sp-d16 -mfloat-abi=hard -mthumb -o "Src/main.o"
../Src/main.c: In function 'main':
../Src/main.c:33:25: warning: implicit declaration of function 'sprintf' [-Wimplicit-function-declaration]
   33 |                         sprintf(stringBuffer, "Button status = %d\n", 1);
      |                         ^~~~~~~
../Src/main.c:4:1: note: include '<stdio.h>' or provide a declaration of 'sprintf'
    3 | #include "stm32f4xx.h"
  +++ |+#include <stdio.h>
    4 | 
../Src/main.c:33:25: warning: incompatible implicit declaration of built-in function 'sprintf' [-Wbuiltin-declaration-mismatch]
   33 |                         sprintf(stringBuffer, "Button status = %d\n", 1);
      |                         ^~~~~~~
../Src/main.c:33:25: note: include '<stdio.h>' or provide a declaration of 'sprintf'
../Src/main.c:36:25: warning: incompatible implicit declaration of built-in function 'sprintf' [-Wbuiltin-declaration-mismatch]
   36 |                         sprintf(stringBuffer, "Button status = %d\n", 0);
      |                         ^~~~~~~
../Src/main.c:36:25: note: include '<stdio.h>' or provide a declaration of 'sprintf'
../Src/main.c:36:63: warning: 'Button status = ' directive writing 16 bytes into a region of size 15 [-Wformat-overflow=]
   36 |                         sprintf(stringBuffer, "Button status = %d\n", 0);
      |                                                ~~~~~~~~~~~~~~~^
../Src/main.c:36:25: note: 'sprintf' output 19 bytes into a destination of size 15
   36 |                         sprintf(stringBuffer, "Button status = %d\n", 0);
      |                         ^~~~~~~~~~~~~~~~~~~~~~~~~~~~~~~~~~~~~~~~~~~~~~~~
../Src/main.c:33:63: warning: 'Button status = ' directive writing 16 bytes into a region of size 15 [-Wformat-overflow=]
   33 |                         sprintf(stringBuffer, "Button status = %d\n", 1);
      |                                                ~~~~~~~~~~~~~~~^
../Src/main.c:33:25: note: 'sprintf' output 19 bytes into a destination of size 15
   33 |                         sprintf(stringBuffer, "Button status = %d\n", 1);
      |                         ^~~~~~~~~~~~~~~~~~~~~~~~~~~~~~~~~~~~~~~~~~~~~~~~
arm-none-eabi-gcc -o "Training_Lab3.3.elf" @"objects.list"   -mcpu=cortex-m4 -T"D:\NextyLab\Training_Lab3.3\STM32F411RETX_FLASH.ld" --specs=nosys.specs -Wl,-Map="Training_Lab3.3.map" -Wl,--gc-sections -static --specs=nano.specs -mfpu=fpv4-sp-d16 -mfloat-abi=hard -mthumb -Wl,--start-group -lc -lm -Wl,--end-group
Finished building target: Training_Lab3.3.elf
 
arm-none-eabi-size  Training_Lab3.3.elf 
arm-none-eabi-objdump -h -S Training_Lab3.3.elf  > "Training_Lab3.3.list"
   text	   data	    bss	    dec	    hex	filename
   3588	     80	   1912	   5580	   15cc	Training_Lab3.3.elf
Finished building: default.size.stdout
 
Finished building: Training_Lab3.3.list
 

14:08:21 Build Finished. 0 errors, 5 warnings. (took 452ms)

