13:08:20 **** Incremental Build of configuration Debug for project Training_LabFluke ****
make -j12 all 
arm-none-eabi-gcc "../Src/main.c" -mcpu=cortex-m4 -std=gnu11 -g3 -DDEBUG -DNUCLEO_F411RE -DSTM32 -DSTM32F4 -DSTM32F411RETx -c -I../Inc -I"D:/NextyLab/Library/CMSIS/Core/Include" -I"D:/NextyLab/Library/CMSIS-DEVICE-F4/Include" -O0 -ffunction-sections -fdata-sections -Wall -fstack-usage -fcyclomatic-complexity -MMD -MP -MF"Src/main.d" -MT"Src/main.o" --specs=nano.specs -mfpu=fpv4-sp-d16 -mfloat-abi=hard -mthumb -o "Src/main.o"
arm-none-eabi-gcc -o "Training_LabFluke.elf" @"objects.list"   -mcpu=cortex-m4 -T"D:\NextyLab\Training_LabFluke\STM32F411RETX_FLASH.ld" --specs=nosys.specs -Wl,-Map="Training_LabFluke.map" -Wl,--gc-sections -static --specs=nano.specs -mfpu=fpv4-sp-d16 -mfloat-abi=hard -mthumb -Wl,--start-group -lc -lm -Wl,--end-group
Finished building target: Training_LabFluke.elf
 
arm-none-eabi-size  Training_LabFluke.elf 
arm-none-eabi-objdump -h -S Training_LabFluke.elf  > "Training_LabFluke.list"
   text	   data	    bss	    dec	    hex	filename
   1104	      0	   1568	   2672	    a70	Training_LabFluke.elf
Finished building: default.size.stdout
 
Finished building: Training_LabFluke.list
 

13:08:20 Build Finished. 0 errors, 0 warnings. (took 449ms)

