02:50:59 **** Build of configuration Debug for project Training_Lab1.2 ****
make -j12 all 
arm-none-eabi-gcc "../Src/main.c" -mcpu=cortex-m4 -std=gnu11 -g3 -DDEBUG -DNUCLEO_F411RE -DSTM32 -DSTM32F4 -DSTM32F411RETx -c -I../Inc -I"D:/NextyLab/Library/CMSIS/Core/Include" -I"D:/NextyLab/Library/CMSIS-DEVICE-F4/Include" -O0 -ffunction-sections -fdata-sections -Wall -fstack-usage -fcyclomatic-complexity -MMD -MP -MF"Src/main.d" -MT"Src/main.o" --specs=nano.specs -mfpu=fpv4-sp-d16 -mfloat-abi=hard -mthumb -o "Src/main.o"
arm-none-eabi-gcc -o "Training_Lab1.2.elf" @"objects.list"   -mcpu=cortex-m4 -T"D:\NextyLab\Training_Lab1.2\STM32F411RETX_FLASH.ld" --specs=nosys.specs -Wl,-Map="Training_Lab1.2.map" -Wl,--gc-sections -static --specs=nano.specs -mfpu=fpv4-sp-d16 -mfloat-abi=hard -mthumb -Wl,--start-group -lc -lm -Wl,--end-group
Finished building target: Training_Lab1.2.elf
 
arm-none-eabi-size  Training_Lab1.2.elf 
arm-none-eabi-objdump -h -S Training_Lab1.2.elf  > "Training_Lab1.2.list"
   text	   data	    bss	    dec	    hex	filename
    796	      0	   1568	   2364	    93c	Training_Lab1.2.elf
Finished building: default.size.stdout
 
Finished building: Training_Lab1.2.list
 

02:51:01 Build Finished. 0 errors, 0 warnings. (took 1s.745ms)

